// Jest Snapshot v1, https://goo.gl/fbAQLP

exports[`Snapshot testing for SignIn component. renders SignIn component with toMatchSnapshot. 1`] = `
<main
  className="MuiContainer-root MuiContainer-maxWidthXs css-nzinn5-MuiContainer-root"
>
  <div
    className="MuiBox-root css-binzgt"
  >
    <div
      className="MuiAvatar-root MuiAvatar-circular MuiAvatar-colorDefault css-1999axt-MuiAvatar-root"
    >
      <svg
        aria-hidden={true}
        className="MuiSvgIcon-root MuiSvgIcon-fontSizeMedium css-i4bv87-MuiSvgIcon-root"
        data-testid="LockOutlinedIcon"
        focusable="false"
        viewBox="0 0 24 24"
      >
        <path
          d="M18 8h-1V6c0-2.76-2.24-5-5-5S7 3.24 7 6v2H6c-1.1 0-2 .9-2 2v10c0 1.1.9 2 2 2h12c1.1 0 2-.9 2-2V10c0-1.1-.9-2-2-2zM9 6c0-1.66 1.34-3 3-3s3 1.34 3 3v2H9V6zm9 14H6V10h12v10zm-6-3c1.1 0 2-.9 2-2s-.9-2-2-2-2 .9-2 2 .9 2 2 2z"
        />
      </svg>
    </div>
    <h1
      className="MuiTypography-root MuiTypography-h5 css-ag7rrr-MuiTypography-root"
    >
      Sign in
    </h1>
    <p
      className="MuiTypography-root MuiTypography-body1 Error css-1nkhxq8-MuiTypography-root"
      data-testid="error-header"
    >
       
       
    </p>
    <form
      className="MuiBox-root css-164r41r"
      onSubmit={[Function]}
    >
      <div
        className="MuiFormControl-root MuiFormControl-marginNormal MuiFormControl-fullWidth MuiTextField-root css-17vbkzs-MuiFormControl-root-MuiTextField-root"
        data-testid="username"
      >
        <label
          className="MuiInputLabel-root MuiInputLabel-formControl MuiInputLabel-animated MuiInputLabel-outlined MuiFormLabel-root MuiFormLabel-colorPrimary Mui-required css-14s5rfu-MuiFormLabel-root-MuiInputLabel-root"
          data-shrink={false}
          htmlFor="username"
          id="username-label"
        >
          Username
          <span
            aria-hidden={true}
            className="MuiInputLabel-asterisk MuiFormLabel-asterisk css-wgai2y-MuiFormLabel-asterisk"
          >
             
            *
          </span>
        </label>
        <div
          className="MuiOutlinedInput-root MuiInputBase-root MuiInputBase-colorPrimary MuiInputBase-fullWidth MuiInputBase-formControl css-md26zr-MuiInputBase-root-MuiOutlinedInput-root"
          onClick={[Function]}
        >
          <input
            aria-invalid={false}
            autoComplete="username"
            autoFocus={true}
            className="MuiOutlinedInput-input MuiInputBase-input css-1t8l2tu-MuiInputBase-input-MuiOutlinedInput-input"
            disabled={false}
            id="username"
            name="username"
            onAnimationStart={[Function]}
            onBlur={[Function]}
            onChange={[Function]}
            onFocus={[Function]}
            required={true}
            type="text"
            value=""
          />
          <fieldset
            aria-hidden={true}
            className="MuiOutlinedInput-notchedOutline css-1d3z3hw-MuiOutlinedInput-notchedOutline"
          >
            <legend
              className="css-1ftyaf0"
            >
              <span>
                Username
                 
                *
              </span>
            </legend>
          </fieldset>
        </div>
      </div>
      <div
        className="MuiFormControl-root MuiFormControl-marginNormal MuiFormControl-fullWidth MuiTextField-root css-17vbkzs-MuiFormControl-root-MuiTextField-root"
        data-testid="password"
      >
        <label
          className="MuiInputLabel-root MuiInputLabel-formControl MuiInputLabel-animated MuiInputLabel-outlined MuiFormLabel-root MuiFormLabel-colorPrimary Mui-required css-14s5rfu-MuiFormLabel-root-MuiInputLabel-root"
          data-shrink={false}
          htmlFor="password"
          id="password-label"
        >
          Password
          <span
            aria-hidden={true}
            className="MuiInputLabel-asterisk MuiFormLabel-asterisk css-wgai2y-MuiFormLabel-asterisk"
          >
             
            *
          </span>
        </label>
        <div
          className="MuiOutlinedInput-root MuiInputBase-root MuiInputBase-colorPrimary MuiInputBase-fullWidth MuiInputBase-formControl MuiInputBase-adornedEnd css-154xyx0-MuiInputBase-root-MuiOutlinedInput-root"
          onClick={[Function]}
        >
          <input
            aria-invalid={false}
            autoComplete="current-password"
            autoFocus={false}
            className="MuiOutlinedInput-input MuiInputBase-input MuiInputBase-inputAdornedEnd css-nxo287-MuiInputBase-input-MuiOutlinedInput-input"
            disabled={false}
            id="password"
            name="password"
            onAnimationStart={[Function]}
            onBlur={[Function]}
            onChange={[Function]}
            onFocus={[Function]}
            required={true}
            type="password"
            value=""
          />
          <div
            className="MuiInputAdornment-root MuiInputAdornment-positionEnd MuiInputAdornment-outlined MuiInputAdornment-sizeMedium css-1laqsz7-MuiInputAdornment-root"
          >
            <button
              aria-label="toggle password visibility"
              className="MuiButtonBase-root MuiIconButton-root MuiIconButton-sizeMedium css-78trlr-MuiButtonBase-root-MuiIconButton-root"
              disabled={false}
              onBlur={[Function]}
              onClick={[Function]}
              onContextMenu={[Function]}
              onDragLeave={[Function]}
              onFocus={[Function]}
              onKeyDown={[Function]}
              onKeyUp={[Function]}
              onMouseDown={[Function]}
              onMouseLeave={[Function]}
              onMouseUp={[Function]}
              onTouchEnd={[Function]}
              onTouchMove={[Function]}
              onTouchStart={[Function]}
              tabIndex={0}
              type="button"
            >
              <svg
                aria-hidden={true}
                className="MuiSvgIcon-root MuiSvgIcon-fontSizeMedium css-i4bv87-MuiSvgIcon-root"
                data-testid="VisibilityOffIcon"
                focusable="false"
                viewBox="0 0 24 24"
              >
                <path
                  d="M12 7c2.76 0 5 2.24 5 5 0 .65-.13 1.26-.36 1.83l2.92 2.92c1.51-1.26 2.7-2.89 3.43-4.75-1.73-4.39-6-7.5-11-7.5-1.4 0-2.74.25-3.98.7l2.16 2.16C10.74 7.13 11.35 7 12 7zM2 4.27l2.28 2.28.46.46C3.08 8.3 1.78 10.02 1 12c1.73 4.39 6 7.5 11 7.5 1.55 0 3.03-.3 4.38-.84l.42.42L19.73 22 21 20.73 3.27 3 2 4.27zM7.53 9.8l1.55 1.55c-.05.21-.08.43-.08.65 0 1.66 1.34 3 3 3 .22 0 .44-.03.65-.08l1.55 1.55c-.67.33-1.41.53-2.2.53-2.76 0-5-2.24-5-5 0-.79.2-1.53.53-2.2zm4.31-.78 3.15 3.15.02-.16c0-1.66-1.34-3-3-3l-.17.01z"
                />
              </svg>
              <span
                className="MuiTouchRipple-root css-8je8zh-MuiTouchRipple-root"
              />
            </button>
          </div>
          <fieldset
            aria-hidden={true}
            className="MuiOutlinedInput-notchedOutline css-1d3z3hw-MuiOutlinedInput-notchedOutline"
          >
            <legend
              className="css-1ftyaf0"
            >
              <span>
                Password
                 
                *
              </span>
            </legend>
          </fieldset>
        </div>
      </div>
      <label
        className="MuiFormControlLabel-root MuiFormControlLabel-labelPlacementEnd css-j204z7-MuiFormControlLabel-root"
      >
        <span
          className="MuiCheckbox-root MuiCheckbox-colorPrimary MuiButtonBase-root MuiCheckbox-root MuiCheckbox-colorPrimary PrivateSwitchBase-root css-12wnr2w-MuiButtonBase-root-MuiCheckbox-root"
          onBlur={[Function]}
          onContextMenu={[Function]}
          onDragLeave={[Function]}
          onFocus={[Function]}
          onKeyDown={[Function]}
          onKeyUp={[Function]}
          onMouseDown={[Function]}
          onMouseLeave={[Function]}
          onMouseUp={[Function]}
          onTouchEnd={[Function]}
          onTouchMove={[Function]}
          onTouchStart={[Function]}
          tabIndex={null}
        >
          <input
            className="PrivateSwitchBase-input css-1m9pwf3"
            data-indeterminate={false}
            onChange={[Function]}
            type="checkbox"
            value="remember"
          />
          <svg
            aria-hidden={true}
            className="MuiSvgIcon-root MuiSvgIcon-fontSizeMedium css-i4bv87-MuiSvgIcon-root"
            data-testid="CheckBoxOutlineBlankIcon"
            focusable="false"
            viewBox="0 0 24 24"
          >
            <path
              d="M19 5v14H5V5h14m0-2H5c-1.1 0-2 .9-2 2v14c0 1.1.9 2 2 2h14c1.1 0 2-.9 2-2V5c0-1.1-.9-2-2-2z"
            />
          </svg>
          <span
            className="MuiTouchRipple-root css-8je8zh-MuiTouchRipple-root"
          />
        </span>
        <span
          className="MuiTypography-root MuiTypography-body1 MuiFormControlLabel-label css-ahj2mt-MuiTypography-root"
        >
          Remember me
        </span>
      </label>
      <button
        className="MuiButton-root MuiButton-contained MuiButton-containedPrimary MuiButton-sizeMedium MuiButton-containedSizeMedium MuiButton-fullWidth MuiButtonBase-root  css-1vhaqj4-MuiButtonBase-root-MuiButton-root"
        data-testid="sign-in"
        disabled={false}
        onBlur={[Function]}
        onContextMenu={[Function]}
        onDragLeave={[Function]}
        onFocus={[Function]}
        onKeyDown={[Function]}
        onKeyUp={[Function]}
        onMouseDown={[Function]}
        onMouseLeave={[Function]}
        onMouseUp={[Function]}
        onTouchEnd={[Function]}
        onTouchMove={[Function]}
        onTouchStart={[Function]}
        tabIndex={0}
        type="submit"
      >
        Sign In
        <span
          className="MuiTouchRipple-root css-8je8zh-MuiTouchRipple-root"
        />
      </button>
      <div
        className="MuiGrid-root MuiGrid-container css-11lq3yg-MuiGrid-root"
      >
        <div
          className="MuiGrid-root MuiGrid-item MuiGrid-grid-xs-true css-1vd824g-MuiGrid-root"
        >
          <a
            className="MuiTypography-root MuiTypography-body2 MuiLink-root MuiLink-underlineAlways css-101ca9i-MuiTypography-root-MuiLink-root"
            href="/forgot-password"
            onBlur={[Function]}
            onFocus={[Function]}
          >
            Forgot password?
          </a>
        </div>
        <div
          className="MuiGrid-root MuiGrid-item css-13i4rnv-MuiGrid-root"
        >
          <a
            className="MuiTypography-root MuiTypography-body2 MuiLink-root MuiLink-underlineAlways css-101ca9i-MuiTypography-root-MuiLink-root"
            href="/sign-up"
            onBlur={[Function]}
            onFocus={[Function]}
          >
            Don't have an account? Sign Up
          </a>
        </div>
      </div>
    </form>
  </div>
</main>
`;
